---
http_interactions:
- request:
    method: get
    uri: http://localhost:3030/people/a_z_letters
    body:
      encoding: US-ASCII
      string: ''
    headers:
      Accept-Encoding:
      - gzip;q=1.0,deflate;q=0.6,identity;q=0.3
      Accept:
      - "*/*"
      - application/n-triples
      User-Agent:
      - Ruby
      Ocp-Apim-Subscription-Key:
      - "<AUTH_TOKEN>"
  response:
    status:
      code: 200
      message: OK
    headers:
      Cache-Control:
      - no-cache
      Pragma:
      - no-cache
      Content-Length:
      - '1383'
      Content-Type:
      - application/n-triples
      Expires:
      - "-1"
      Set-Cookie:
      - ARRAffinity=5869ab2b19db54ab1fc3138b40cd744a8060aae3ae1797c06555ae8e3eaaec5d;Path=/;Domain=20170418155059fixedquery.azurewebsites.net
      X-Aspnet-Version:
      - 4.0.30319
      X-Powered-By:
      - ASP.NET
      Date:
      - Fri, 21 Apr 2017 08:54:54 GMT
    body:
      encoding: UTF-8
      string: "_:node5375 <http://id.ukpds.org/schema/value> \"A\" .\r\n_:node5376
        <http://id.ukpds.org/schema/value> \"P\" .\r\n_:node5377 <http://id.ukpds.org/schema/value>
        \"N\" .\r\n_:node5378 <http://id.ukpds.org/schema/value> \"H\" .\r\n_:node5379
        <http://id.ukpds.org/schema/value> \"C\" .\r\n_:node5380 <http://id.ukpds.org/schema/value>
        \"M\" .\r\n_:node5381 <http://id.ukpds.org/schema/value> \"S\" .\r\n_:node5382
        <http://id.ukpds.org/schema/value> \"E\" .\r\n_:node5383 <http://id.ukpds.org/schema/value>
        \"W\" .\r\n_:node5384 <http://id.ukpds.org/schema/value> \"D\" .\r\n_:node5385
        <http://id.ukpds.org/schema/value> \"F\" .\r\n_:node5386 <http://id.ukpds.org/schema/value>
        \"R\" .\r\n_:node5387 <http://id.ukpds.org/schema/value> \"K\" .\r\n_:node5388
        <http://id.ukpds.org/schema/value> \"G\" .\r\n_:node5389 <http://id.ukpds.org/schema/value>
        \"Y\" .\r\n_:node5390 <http://id.ukpds.org/schema/value> \"B\" .\r\n_:node5391
        <http://id.ukpds.org/schema/value> \"U\" .\r\n_:node5392 <http://id.ukpds.org/schema/value>
        \"O\" .\r\n_:node5393 <http://id.ukpds.org/schema/value> \"T\" .\r\n_:node5394
        <http://id.ukpds.org/schema/value> \"L\" .\r\n_:node5395 <http://id.ukpds.org/schema/value>
        \"Q\" .\r\n_:node5396 <http://id.ukpds.org/schema/value> \"J\" .\r\n_:node5397
        <http://id.ukpds.org/schema/value> \"V\" .\r\n_:node5398 <http://id.ukpds.org/schema/value>
        \"I\" .\r\n_:node5399 <http://id.ukpds.org/schema/value> \"Z\" .\r\n_:node5400
        <http://id.ukpds.org/schema/value> \"\\u00D6\" .\r\n"
    http_version: 
  recorded_at: Fri, 21 Apr 2017 08:55:49 GMT
- request:
    method: get
    uri: http://localhost:3030/people/x
    body:
      encoding: US-ASCII
      string: ''
    headers:
      Accept-Encoding:
      - gzip;q=1.0,deflate;q=0.6,identity;q=0.3
      Accept:
      - "*/*"
      - application/n-triples
      User-Agent:
      - Ruby
      Ocp-Apim-Subscription-Key:
      - "<AUTH_TOKEN>"
  response:
    status:
      code: 200
      message: OK
    headers:
      Cache-Control:
      - no-cache
      Pragma:
      - no-cache
      Content-Length:
      - '0'
      Expires:
      - "-1"
      Set-Cookie:
      - ARRAffinity=5869ab2b19db54ab1fc3138b40cd744a8060aae3ae1797c06555ae8e3eaaec5d;Path=/;Domain=20170418155059fixedquery.azurewebsites.net
      X-Aspnet-Version:
      - 4.0.30319
      X-Powered-By:
      - ASP.NET
      Date:
      - Fri, 21 Apr 2017 08:54:54 GMT
    body:
      encoding: UTF-8
      string: ''
    http_version: 
  recorded_at: Fri, 21 Apr 2017 08:55:50 GMT
- request:
    method: get
    uri: http://localhost:5000/api/v2/groups/parliament/features/show-dissolution
    body:
      encoding: US-ASCII
      string: ''
    headers:
      Accept:
      - "*/*"
      Accept-Encoding:
      - gzip, deflate
      User-Agent:
      - Bandiera Ruby Client / 3.0.4
      Host:
      - bandiera:5000
  response:
    status:
      code: 200
      message: OK
    headers:
      Content-Type:
      - application/json
      X-Content-Type-Options:
      - nosniff
      Content-Length:
      - '17'
    body:
      encoding: UTF-8
      string: '{"response":true}'
    http_version: 
  recorded_at: Mon, 08 May 2017 16:01:10 GMT
- request:
    method: get
    uri: http://localhost:5000/api/v2/groups/parliament/features/show-register
    body:
      encoding: US-ASCII
      string: ''
    headers:
      Accept:
      - "*/*"
      Accept-Encoding:
      - gzip, deflate
      User-Agent:
      - Bandiera Ruby Client / 3.0.4
      Host:
      - bandiera:5000
  response:
    status:
      code: 200
      message: OK
    headers:
      Content-Type:
      - application/json
      X-Content-Type-Options:
      - nosniff
      Content-Length:
      - '17'
    body:
      encoding: UTF-8
      string: '{"response":true}'
    http_version: 
  recorded_at: Mon, 08 May 2017 16:01:10 GMT
recorded_with: VCR 3.0.3
